Traceback (most recent call last):
  File "C:\Users\aol053\.conda\envs\mathmodeling\lib\site-packages\jupyter_cache\executors\utils.py", line 58, in single_nb_execution
    executenb(
  File "C:\Users\aol053\.conda\envs\mathmodeling\lib\site-packages\nbclient\client.py", line 1319, in execute
    return NotebookClient(nb=nb, resources=resources, km=km, **kwargs).execute()
  File "C:\Users\aol053\.conda\envs\mathmodeling\lib\site-packages\jupyter_core\utils\__init__.py", line 165, in wrapped
    return loop.run_until_complete(inner)
  File "C:\Users\aol053\.conda\envs\mathmodeling\lib\asyncio\base_events.py", line 649, in run_until_complete
    return future.result()
  File "C:\Users\aol053\.conda\envs\mathmodeling\lib\site-packages\nbclient\client.py", line 709, in async_execute
    await self.async_execute_cell(
  File "C:\Users\aol053\.conda\envs\mathmodeling\lib\site-packages\nbclient\client.py", line 1062, in async_execute_cell
    await self._check_raise_for_error(cell, cell_index, exec_reply)
  File "C:\Users\aol053\.conda\envs\mathmodeling\lib\site-packages\nbclient\client.py", line 918, in _check_raise_for_error
    raise CellExecutionError.from_cell_and_msg(cell, exec_reply_content)
nbclient.exceptions.CellExecutionError: An error occurred while executing the following cell:
------------------
def winding_number(rhs, r0, rr, num=1000):
    theta = np.linspace(0, 2 * np.pi, num)
    x = rr * np.cos(theta) + r0[0]
    y = rr * np.sin(theta) + r0[1]
    
    F,G=rhs(0,[x,y])
    angles = np.arctan2(G, F)
    integrated_angle = np.sum(np.diff(np.unwrap(angles)))
    
    return integrated_angle / (2 * np.pi)

index = winding_number(rhs, r0, rr)
print(f"r0: {r0}, rr: {rr}")
print(f"The index of the Jordan curve is: {index}")
------------------


[1;31m---------------------------------------------------------------------------[0m
[1;31mNameError[0m                                 Traceback (most recent call last)
Cell [1;32mIn[5], line 12[0m
[0;32m      8[0m     integrated_angle [38;5;241m=[39m np[38;5;241m.[39msum(np[38;5;241m.[39mdiff(np[38;5;241m.[39munwrap(angles)))
[0;32m     10[0m     [38;5;28;01mreturn[39;00m integrated_angle [38;5;241m/[39m ([38;5;241m2[39m [38;5;241m*[39m np[38;5;241m.[39mpi)
[1;32m---> 12[0m index [38;5;241m=[39m winding_number(rhs, [43mr0[49m, rr)
[0;32m     13[0m [38;5;28mprint[39m([38;5;124mf[39m[38;5;124m"[39m[38;5;124mr0: [39m[38;5;132;01m{[39;00mr0[38;5;132;01m}[39;00m[38;5;124m, rr: [39m[38;5;132;01m{[39;00mrr[38;5;132;01m}[39;00m[38;5;124m"[39m)
[0;32m     14[0m [38;5;28mprint[39m([38;5;124mf[39m[38;5;124m"[39m[38;5;124mThe index of the Jordan curve is: [39m[38;5;132;01m{[39;00mindex[38;5;132;01m}[39;00m[38;5;124m"[39m)

[1;31mNameError[0m: name 'r0' is not defined

