Traceback (most recent call last):
  File "C:\Users\aol053\.conda\envs\mathmodeling\lib\site-packages\jupyter_cache\executors\utils.py", line 58, in single_nb_execution
    executenb(
  File "C:\Users\aol053\.conda\envs\mathmodeling\lib\site-packages\nbclient\client.py", line 1319, in execute
    return NotebookClient(nb=nb, resources=resources, km=km, **kwargs).execute()
  File "C:\Users\aol053\.conda\envs\mathmodeling\lib\site-packages\jupyter_core\utils\__init__.py", line 165, in wrapped
    return loop.run_until_complete(inner)
  File "C:\Users\aol053\.conda\envs\mathmodeling\lib\asyncio\base_events.py", line 649, in run_until_complete
    return future.result()
  File "C:\Users\aol053\.conda\envs\mathmodeling\lib\site-packages\nbclient\client.py", line 709, in async_execute
    await self.async_execute_cell(
  File "C:\Users\aol053\.conda\envs\mathmodeling\lib\site-packages\nbclient\client.py", line 1062, in async_execute_cell
    await self._check_raise_for_error(cell, cell_index, exec_reply)
  File "C:\Users\aol053\.conda\envs\mathmodeling\lib\site-packages\nbclient\client.py", line 918, in _check_raise_for_error
    raise CellExecutionError.from_cell_and_msg(cell, exec_reply_content)
nbclient.exceptions.CellExecutionError: An error occurred while executing the following cell:
------------------
import sympy as sp
import numpy as np

import matplotlib.pyplot as plt

# Define the function
f = sp.ln(1 + epsilon)

# Convert the sympy function to a numpy function
f_np = sp.lambdify(epsilon, f, 'numpy')

# Generate values for epsilon
epsilon_values = np.linspace(0.001, 1, 400)
f_values = f_np(epsilon_values)

f_expan1=sp.sin(epsilon)#-sp.sin(epsilon)**2/2+sp.sin(epsilon)**3/2
f_expan2=sp.sin(epsilon)-sp.sin(epsilon)**2/2
f_expan3=sp.sin(epsilon)-sp.sin(epsilon)**2/2+sp.sin(epsilon)**3/2

f_exp_1 = sp.lambdify(epsilon, f_expan1, 'numpy')
f_exp_2 = sp.lambdify(epsilon, f_expan2, 'numpy')
f_exp_3 = sp.lambdify(epsilon, f_expan3, 'numpy')
f_exp_v1 = f_exp_1(epsilon_values)
f_exp_v2 = f_exp_2(epsilon_values)
f_exp_v3 = f_exp_3(epsilon_values)

# Plot the function
plt.plot(epsilon_values, f_values, label='$f(x) = \ln(1 + \epsilon)$')
plt.plot(epsilon_values, f_exp_v1, label='expansion of $f(x) = \sin(\epsilon)$')
plt.plot(epsilon_values, f_exp_v2, label='expansion of $f(x) = \sin(\epsilon)-\sin(\epsilon)^2/2$')
plt.plot(epsilon_values, f_exp_v3, label='expansion of $f(x) = \sin(\epsilon)-\sin(\epsilon)^2/2+\sin(\epsilon)^3/6$')

plt.xlabel('$\epsilon$')
plt.ylabel('$f(\epsilon)$')
plt.title('Plot of $f(x) = \ln(1 + \epsilon)$')
plt.legend()
plt.grid(True)
plt.show()
------------------


[1;31m---------------------------------------------------------------------------[0m
[1;31mNameError[0m                                 Traceback (most recent call last)
Cell [1;32mIn[1], line 7[0m
[0;32m      4[0m [38;5;28;01mimport[39;00m[38;5;250m [39m[38;5;21;01mmatplotlib[39;00m[38;5;21;01m.[39;00m[38;5;21;01mpyplot[39;00m[38;5;250m [39m[38;5;28;01mas[39;00m[38;5;250m [39m[38;5;21;01mplt[39;00m
[0;32m      6[0m [38;5;66;03m# Define the function[39;00m
[1;32m----> 7[0m f [38;5;241m=[39m sp[38;5;241m.[39mln([38;5;241m1[39m [38;5;241m+[39m [43mepsilon[49m)
[0;32m      9[0m [38;5;66;03m# Convert the sympy function to a numpy function[39;00m
[0;32m     10[0m f_np [38;5;241m=[39m sp[38;5;241m.[39mlambdify(epsilon, f, [38;5;124m'[39m[38;5;124mnumpy[39m[38;5;124m'[39m)

[1;31mNameError[0m: name 'epsilon' is not defined

