Traceback (most recent call last):
  File "C:\Users\aol053\.conda\envs\mathmodeling\lib\site-packages\jupyter_cache\executors\utils.py", line 58, in single_nb_execution
    executenb(
  File "C:\Users\aol053\.conda\envs\mathmodeling\lib\site-packages\nbclient\client.py", line 1319, in execute
    return NotebookClient(nb=nb, resources=resources, km=km, **kwargs).execute()
  File "C:\Users\aol053\.conda\envs\mathmodeling\lib\site-packages\jupyter_core\utils\__init__.py", line 165, in wrapped
    return loop.run_until_complete(inner)
  File "C:\Users\aol053\.conda\envs\mathmodeling\lib\asyncio\base_events.py", line 649, in run_until_complete
    return future.result()
  File "C:\Users\aol053\.conda\envs\mathmodeling\lib\site-packages\nbclient\client.py", line 709, in async_execute
    await self.async_execute_cell(
  File "C:\Users\aol053\.conda\envs\mathmodeling\lib\site-packages\nbclient\client.py", line 1062, in async_execute_cell
    await self._check_raise_for_error(cell, cell_index, exec_reply)
  File "C:\Users\aol053\.conda\envs\mathmodeling\lib\site-packages\nbclient\client.py", line 918, in _check_raise_for_error
    raise CellExecutionError.from_cell_and_msg(cell, exec_reply_content)
nbclient.exceptions.CellExecutionError: An error occurred while executing the following cell:
------------------
# Define the Hamiltonian function
def hamiltonian(theta, phi, g=9.81, l=1.0):
    return (phi**2) / 2 - g * l * np.cos(theta)

# Create a grid of theta and phi values
theta = np.linspace(-2 * np.pi, 2 * np.pi, 400)
phi = np.linspace(-9, 9, 400)
Theta, Phi = np.meshgrid(theta, phi)

# Compute the Hamiltonian values on the grid
H = hamiltonian(Theta, Phi)

# Create a figure with two subplots
fig, (ax1, ax2) = plt.subplots(1, 2, figsize=(20, 8))

# Plot the contour plot
contour = ax1.contour(Theta, Phi, H, levels=50, cmap='viridis')
fig.colorbar(contour, ax=ax1)
ax1.set_xlabel(r'$\theta$')
ax1.set_ylabel(r'$\phi$')
ax1.set_title('Contour plot of the Hamiltonian $H(\\theta, \\phi) = \\frac{\\phi^2}{2} - g \\cdot l \\cdot \\cos(\\theta)$')

# Plot the 3D surface plot
ax2 = fig.add_subplot(122, projection='3d')
#surface = ax2.plot_surface(Theta, Phi, H, cmap='viridis', edgecolor='none')
fig.colorbar(surface, ax=ax2)
ax2.set_xlabel(r'$\theta$')
ax2.set_ylabel(r'$\phi$')
ax2.set_zlabel(r'$H(\theta, \phi)$')
ax2.set_title('3D Surface plot of the Hamiltonian $H(\\theta, \\phi) = \\frac{\\phi^2}{2} - g \\cdot l \\cdot \\cos(\\theta)$')

# Plot the isolines in grey color and no grid on the surface
ax2.contour(Theta, Phi, H, levels=50, zdir='z', linestyles='solid')
ax2.grid(False)
ax2.view_init(elev=60, azim=45)

plt.show()
------------------


[1;31m---------------------------------------------------------------------------[0m
[1;31mNameError[0m                                 Traceback (most recent call last)
Cell [1;32mIn[3], line 26[0m
[0;32m     24[0m ax2 [38;5;241m=[39m fig[38;5;241m.[39madd_subplot([38;5;241m122[39m, projection[38;5;241m=[39m[38;5;124m'[39m[38;5;124m3d[39m[38;5;124m'[39m)
[0;32m     25[0m [38;5;66;03m#surface = ax2.plot_surface(Theta, Phi, H, cmap='viridis', edgecolor='none')[39;00m
[1;32m---> 26[0m fig[38;5;241m.[39mcolorbar([43msurface[49m, ax[38;5;241m=[39max2)
[0;32m     27[0m ax2[38;5;241m.[39mset_xlabel([38;5;124mr[39m[38;5;124m'[39m[38;5;124m$[39m[38;5;124m\[39m[38;5;124mtheta$[39m[38;5;124m'[39m)
[0;32m     28[0m ax2[38;5;241m.[39mset_ylabel([38;5;124mr[39m[38;5;124m'[39m[38;5;124m$[39m[38;5;124m\[39m[38;5;124mphi$[39m[38;5;124m'[39m)

[1;31mNameError[0m: name 'surface' is not defined

